EN hex_to_7seg NULL D:/Xilinx/projects/display_driver/hex_to_7seg.vhd sub00/vhpl02 1584103578
EN driver_7seg NULL D:/Xilinx/projects/display_driver/top.vhd sub00/vhpl04 1584103580
AR driver_7seg behavioral D:/Xilinx/projects/display_driver/top.vhd sub00/vhpl05 1584103581
AR clock_enable behavioral D:/Xilinx/projects/display_driver/clock_enable.vhd sub00/vhpl01 1584103577
AR hex_to_7seg behavioral D:/Xilinx/projects/display_driver/hex_to_7seg.vhd sub00/vhpl03 1584103579
EN clock_enable NULL D:/Xilinx/projects/display_driver/clock_enable.vhd sub00/vhpl00 1584103576
