V3 11
FL D:/Xilinx/projects/display_driver/clock_enable.vhd 2020/03/13.13:43:14 P.20131013
EN work/clock_enable 1584103576 \
      FL D:/Xilinx/projects/display_driver/clock_enable.vhd \
      PB ieee/std_logic_1164 1381692176 PB ieee/STD_LOGIC_UNSIGNED 1381692179
AR work/clock_enable/Behavioral 1584103577 \
      FL D:/Xilinx/projects/display_driver/clock_enable.vhd EN work/clock_enable 1584103576
FL D:/Xilinx/projects/display_driver/hex_to_7seg.vhd 2020/03/13.13:44:00 P.20131013
EN work/hex_to_7seg 1584103578 \
      FL D:/Xilinx/projects/display_driver/hex_to_7seg.vhd PB ieee/std_logic_1164 1381692176
AR work/hex_to_7seg/Behavioral 1584103579 \
      FL D:/Xilinx/projects/display_driver/hex_to_7seg.vhd EN work/hex_to_7seg 1584103578
FL D:/Xilinx/projects/display_driver/top.vhd 2020/03/13.13:46:12 P.20131013
EN work/driver_7seg 1584103580 FL D:/Xilinx/projects/display_driver/top.vhd \
      PB ieee/std_logic_1164 1381692176 PB ieee/STD_LOGIC_UNSIGNED 1381692179
AR work/driver_7seg/Behavioral 1584103581 \
      FL D:/Xilinx/projects/display_driver/top.vhd EN work/driver_7seg 1584103580 \
      CP work/clock_enable CP work/hex_to_7seg
