EN hex_to_7seg NULL C:/Users/vyma9/OneDrive/Plocha/VUT/DE1/Digital-electronic-1/Semestral/ALU/hex_to_7seg.vhd sub00/vhpl10 1588274159
EN instruction_enable NULL C:/Users/vyma9/OneDrive/Plocha/VUT/DE1/Digital-electronic-1/Semestral/ALU/instruction_enable.vhd sub00/vhpl16 1588274165
EN signed_to_display_driver NULL C:/Users/vyma9/OneDrive/Plocha/VUT/DE1/Digital-electronic-1/Semestral/ALU/signed_to_display_driver.vhd sub00/vhpl14 1588274161
AR adder8bit behavioral C:/Users/vyma9/OneDrive/Plocha/VUT/DE1/Digital-electronic-1/Semestral/ALU/ADDER8BIT.vhd sub00/vhpl03 1588274164
EN driver_7seg NULL C:/Users/vyma9/OneDrive/Plocha/VUT/DE1/Digital-electronic-1/Semestral/ALU/driver_7seg.vhd sub00/vhpl12 1588274171
EN adder8bit NULL C:/Users/vyma9/OneDrive/Plocha/VUT/DE1/Digital-electronic-1/Semestral/ALU/ADDER8BIT.vhd sub00/vhpl02 1588274163
EN top NULL C:/Users/vyma9/OneDrive/Plocha/VUT/DE1/Digital-electronic-1/Semestral/ALU/top.vhd sub00/vhpl04 1588274173
AR instruction_enable behavioral C:/Users/vyma9/OneDrive/Plocha/VUT/DE1/Digital-electronic-1/Semestral/ALU/instruction_enable.vhd sub00/vhpl17 1588274166
AR reader behavioral C:/Users/vyma9/OneDrive/Plocha/VUT/DE1/Digital-electronic-1/Semestral/ALU/READER.vhd sub00/vhpl19 1588274168
EN full_adder NULL C:/Users/vyma9/OneDrive/Plocha/VUT/DE1/Digital-electronic-1/Semestral/ALU/FULL_ADDER.vhd sub00/vhpl00 1588274155
AR driver_7seg behavioral C:/Users/vyma9/OneDrive/Plocha/VUT/DE1/Digital-electronic-1/Semestral/ALU/driver_7seg.vhd sub00/vhpl13 1588274172
AR clock_enable behavioral C:/Users/vyma9/OneDrive/Plocha/VUT/DE1/Digital-electronic-1/Semestral/ALU/clock_enable.vhd sub00/vhpl09 1588274158
AR hex_to_7seg behavioral C:/Users/vyma9/OneDrive/Plocha/VUT/DE1/Digital-electronic-1/Semestral/ALU/hex_to_7seg.vhd sub00/vhpl11 1588274160
AR alu behavioral C:/Users/vyma9/OneDrive/Plocha/VUT/DE1/Digital-electronic-1/Semestral/ALU/ALU.vhd sub00/vhpl07 1588274170
AR full_adder behavioral C:/Users/vyma9/OneDrive/Plocha/VUT/DE1/Digital-electronic-1/Semestral/ALU/FULL_ADDER.vhd sub00/vhpl01 1588274156
AR signed_to_display_driver behavioral C:/Users/vyma9/OneDrive/Plocha/VUT/DE1/Digital-electronic-1/Semestral/ALU/signed_to_display_driver.vhd sub00/vhpl15 1588274162
EN clock_enable NULL C:/Users/vyma9/OneDrive/Plocha/VUT/DE1/Digital-electronic-1/Semestral/ALU/clock_enable.vhd sub00/vhpl08 1588274157
EN reader NULL C:/Users/vyma9/OneDrive/Plocha/VUT/DE1/Digital-electronic-1/Semestral/ALU/READER.vhd sub00/vhpl18 1588274167
AR top behavioral C:/Users/vyma9/OneDrive/Plocha/VUT/DE1/Digital-electronic-1/Semestral/ALU/top.vhd sub00/vhpl05 1588274174
EN alu NULL C:/Users/vyma9/OneDrive/Plocha/VUT/DE1/Digital-electronic-1/Semestral/ALU/ALU.vhd sub00/vhpl06 1588274169
