EN hex_to_7seg NULL C:/Users/vyma9/OneDrive/Plocha/VUT/DE1/Digital-electronic-1/Semestral/ALU/hex_to_7seg.vhd sub00/vhpl10 1588216555
AR adder8bit behavioral C:/Users/vyma9/OneDrive/Plocha/VUT/DE1/Digital-electronic-1/Semestral/ALU/ADDER8BIT.vhd sub00/vhpl03 1588216558
EN driver_7seg NULL C:/Users/vyma9/OneDrive/Plocha/VUT/DE1/Digital-electronic-1/Semestral/ALU/driver_7seg.vhd sub00/vhpl12 1588216561
EN adder8bit NULL C:/Users/vyma9/OneDrive/Plocha/VUT/DE1/Digital-electronic-1/Semestral/ALU/ADDER8BIT.vhd sub00/vhpl02 1588216557
EN top NULL C:/Users/vyma9/OneDrive/Plocha/VUT/DE1/Digital-electronic-1/Semestral/ALU/top.vhd sub00/vhpl04 1588216563
EN full_adder NULL C:/Users/vyma9/OneDrive/Plocha/VUT/DE1/Digital-electronic-1/Semestral/ALU/FULL_ADDER.vhd sub00/vhpl00 1588216551
AR driver_7seg behavioral C:/Users/vyma9/OneDrive/Plocha/VUT/DE1/Digital-electronic-1/Semestral/ALU/driver_7seg.vhd sub00/vhpl13 1588216562
AR clock_enable behavioral C:/Users/vyma9/OneDrive/Plocha/VUT/DE1/Digital-electronic-1/Semestral/ALU/clock_enable.vhd sub00/vhpl09 1588216554
AR hex_to_7seg behavioral C:/Users/vyma9/OneDrive/Plocha/VUT/DE1/Digital-electronic-1/Semestral/ALU/hex_to_7seg.vhd sub00/vhpl11 1588216556
AR alu behavioral C:/Users/vyma9/OneDrive/Plocha/VUT/DE1/Digital-electronic-1/Semestral/ALU/ALU.vhd sub00/vhpl07 1588216560
AR full_adder behavioral C:/Users/vyma9/OneDrive/Plocha/VUT/DE1/Digital-electronic-1/Semestral/ALU/FULL_ADDER.vhd sub00/vhpl01 1588216552
EN clock_enable NULL C:/Users/vyma9/OneDrive/Plocha/VUT/DE1/Digital-electronic-1/Semestral/ALU/clock_enable.vhd sub00/vhpl08 1588216553
AR top behavioral C:/Users/vyma9/OneDrive/Plocha/VUT/DE1/Digital-electronic-1/Semestral/ALU/top.vhd sub00/vhpl05 1588216564
EN alu NULL C:/Users/vyma9/OneDrive/Plocha/VUT/DE1/Digital-electronic-1/Semestral/ALU/ALU.vhd sub00/vhpl06 1588216559
