V3 27
FL C:/Users/vyma9/OneDrive/Plocha/VUT/DE1/Digital-electronic-1/Semestral/ALU/ADDER8BIT.vhd 2020/04/30.02:22:15 P.20131013
EN work/ADDER8BIT 1588216557 \
      FL C:/Users/vyma9/OneDrive/Plocha/VUT/DE1/Digital-electronic-1/Semestral/ALU/ADDER8BIT.vhd \
      PB ieee/std_logic_1164 1381692176
AR work/ADDER8BIT/Behavioral 1588216558 \
      FL C:/Users/vyma9/OneDrive/Plocha/VUT/DE1/Digital-electronic-1/Semestral/ALU/ADDER8BIT.vhd \
      EN work/ADDER8BIT 1588216557 CP work/FULL_ADDER
FL C:/Users/vyma9/OneDrive/Plocha/VUT/DE1/Digital-electronic-1/Semestral/ALU/ALU.vhd 2020/04/30.04:43:42 P.20131013
EN work/ALU 1588216559 \
      FL C:/Users/vyma9/OneDrive/Plocha/VUT/DE1/Digital-electronic-1/Semestral/ALU/ALU.vhd \
      PB ieee/std_logic_1164 1381692176
AR work/ALU/Behavioral 1588216560 \
      FL C:/Users/vyma9/OneDrive/Plocha/VUT/DE1/Digital-electronic-1/Semestral/ALU/ALU.vhd \
      EN work/ALU 1588216559 CP work/ADDER8BIT
FL C:/Users/vyma9/OneDrive/Plocha/VUT/DE1/Digital-electronic-1/Semestral/ALU/clock_enable.vhd 2020/03/13.14:43:14 P.20131013
EN work/clock_enable 1588216553 \
      FL C:/Users/vyma9/OneDrive/Plocha/VUT/DE1/Digital-electronic-1/Semestral/ALU/clock_enable.vhd \
      PB ieee/std_logic_1164 1381692176 PB ieee/STD_LOGIC_UNSIGNED 1381692179
AR work/clock_enable/Behavioral 1588216554 \
      FL C:/Users/vyma9/OneDrive/Plocha/VUT/DE1/Digital-electronic-1/Semestral/ALU/clock_enable.vhd \
      EN work/clock_enable 1588216553
FL C:/Users/vyma9/OneDrive/Plocha/VUT/DE1/Digital-electronic-1/Semestral/ALU/driver_7seg.vhd 2020/04/30.05:07:39 P.20131013
EN work/driver_7seg 1588216561 \
      FL C:/Users/vyma9/OneDrive/Plocha/VUT/DE1/Digital-electronic-1/Semestral/ALU/driver_7seg.vhd \
      PB ieee/std_logic_1164 1381692176 PB ieee/STD_LOGIC_UNSIGNED 1381692179
AR work/driver_7seg/Behavioral 1588216562 \
      FL C:/Users/vyma9/OneDrive/Plocha/VUT/DE1/Digital-electronic-1/Semestral/ALU/driver_7seg.vhd \
      EN work/driver_7seg 1588216561 CP work/clock_enable CP work/hex_to_7seg
FL C:/Users/vyma9/OneDrive/Plocha/VUT/DE1/Digital-electronic-1/Semestral/ALU/FULL_ADDER.vhd 2020/04/30.00:01:22 P.20131013
EN work/FULL_ADDER 1588216551 \
      FL C:/Users/vyma9/OneDrive/Plocha/VUT/DE1/Digital-electronic-1/Semestral/ALU/FULL_ADDER.vhd \
      PB ieee/std_logic_1164 1381692176
AR work/FULL_ADDER/Behavioral 1588216552 \
      FL C:/Users/vyma9/OneDrive/Plocha/VUT/DE1/Digital-electronic-1/Semestral/ALU/FULL_ADDER.vhd \
      EN work/FULL_ADDER 1588216551
FL C:/Users/vyma9/OneDrive/Plocha/VUT/DE1/Digital-electronic-1/Semestral/ALU/hex_to_7seg.vhd 2020/03/13.14:44:00 P.20131013
EN work/hex_to_7seg 1588216555 \
      FL C:/Users/vyma9/OneDrive/Plocha/VUT/DE1/Digital-electronic-1/Semestral/ALU/hex_to_7seg.vhd \
      PB ieee/std_logic_1164 1381692176
AR work/hex_to_7seg/Behavioral 1588216556 \
      FL C:/Users/vyma9/OneDrive/Plocha/VUT/DE1/Digital-electronic-1/Semestral/ALU/hex_to_7seg.vhd \
      EN work/hex_to_7seg 1588216555
FL C:/Users/vyma9/OneDrive/Plocha/VUT/DE1/Digital-electronic-1/Semestral/ALU/top.vhd 2020/04/30.05:15:45 P.20131013
EN work/top 1588216563 \
      FL C:/Users/vyma9/OneDrive/Plocha/VUT/DE1/Digital-electronic-1/Semestral/ALU/top.vhd \
      PB ieee/std_logic_1164 1381692176
AR work/top/Behavioral 1588216564 \
      FL C:/Users/vyma9/OneDrive/Plocha/VUT/DE1/Digital-electronic-1/Semestral/ALU/top.vhd \
      EN work/top 1588216563 CP work/ALU CP work/driver_7seg
