V3 14
FL C:/Users/vyma9/OneDrive/Plocha/VUT/DE1/Digital-electronic-1/Semestral/ALU/ADDER8BIT.vhd 2020/04/30.02:22:15 P.20131013
EN work/ADDER8BIT 1588207000 \
      FL C:/Users/vyma9/OneDrive/Plocha/VUT/DE1/Digital-electronic-1/Semestral/ALU/ADDER8BIT.vhd \
      PB ieee/std_logic_1164 1381692176
AR work/ADDER8BIT/Behavioral 1588207001 \
      FL C:/Users/vyma9/OneDrive/Plocha/VUT/DE1/Digital-electronic-1/Semestral/ALU/ADDER8BIT.vhd \
      EN work/ADDER8BIT 1588207000 CP work/FULL_ADDER
FL C:/Users/vyma9/OneDrive/Plocha/VUT/DE1/Digital-electronic-1/Semestral/ALU/ALU.vhd 2020/04/30.02:35:31 P.20131013
EN work/ALU 1588207002 \
      FL C:/Users/vyma9/OneDrive/Plocha/VUT/DE1/Digital-electronic-1/Semestral/ALU/ALU.vhd \
      PB ieee/std_logic_1164 1381692176
AR work/ALU/Behavioral 1588207003 \
      FL C:/Users/vyma9/OneDrive/Plocha/VUT/DE1/Digital-electronic-1/Semestral/ALU/ALU.vhd \
      EN work/ALU 1588207002 CP work/ADDER8BIT
FL C:/Users/vyma9/OneDrive/Plocha/VUT/DE1/Digital-electronic-1/Semestral/ALU/FULL_ADDER.vhd 2020/04/30.00:01:22 P.20131013
EN work/FULL_ADDER 1588206998 \
      FL C:/Users/vyma9/OneDrive/Plocha/VUT/DE1/Digital-electronic-1/Semestral/ALU/FULL_ADDER.vhd \
      PB ieee/std_logic_1164 1381692176
AR work/FULL_ADDER/Behavioral 1588206999 \
      FL C:/Users/vyma9/OneDrive/Plocha/VUT/DE1/Digital-electronic-1/Semestral/ALU/FULL_ADDER.vhd \
      EN work/FULL_ADDER 1588206998
FL C:/Users/vyma9/OneDrive/Plocha/VUT/DE1/Digital-electronic-1/Semestral/ALU/top.vhd 2020/04/30.02:33:52 P.20131013
EN work/top 1588206841 \
      FL C:/Users/vyma9/OneDrive/Plocha/VUT/DE1/Digital-electronic-1/Semestral/ALU/top.vhd \
      PB ieee/std_logic_1164 1381692176
AR work/top/Behavioral 1588206842 \
      FL C:/Users/vyma9/OneDrive/Plocha/VUT/DE1/Digital-electronic-1/Semestral/ALU/top.vhd \
      EN work/top 1588206841
