EN decimalcounter NULL C:/Users/vyma9/OneDrive/Plocha/VUT/DE1/Digital-electronic-1/Labs/07-stopwatch/stopwatch/decimalCounter.vhd sub00/vhpl02 1584709486
AR stopwatchcounter behavioral C:/Users/vyma9/OneDrive/Plocha/VUT/DE1/Digital-electronic-1/Labs/07-stopwatch/stopwatch/stopwatchCounter.vhd sub00/vhpl01 1584709489
EN stopwatchcounter NULL C:/Users/vyma9/OneDrive/Plocha/VUT/DE1/Digital-electronic-1/Labs/07-stopwatch/stopwatch/stopwatchCounter.vhd sub00/vhpl00 1584709488
AR decimalcounter behavioral C:/Users/vyma9/OneDrive/Plocha/VUT/DE1/Digital-electronic-1/Labs/07-stopwatch/stopwatch/decimalCounter.vhd sub00/vhpl03 1584709487
